
> frontend@0.0.0 build
> ng build

[33m❯[39m Building...
[32m✔[39m Building...
[1mInitial chunk files[22m[2m | [22m[1mNames[22m                     [2m | [22m[1mRaw size[22m[2m | [22m[1mEstimated transfer size[22m
[32mmain-G7EF4RX2.js[39m   [2m | [22m[2mmain[22m                      [2m | [22m [36m1.75 MB[39m[2m | [22m              [36m453.74 kB[39m
[32mstyles-5YRROB5B.css[39m[2m | [22m[2mstyles[22m                    [2m | [22m[36m12.61 kB[39m[2m | [22m                [36m2.41 kB[39m

[1m [22m                  [2m | [22m[1mInitial total[22m             [2m | [22m [1m[93m1.77 MB[39m[22m[2m | [22m              [1m456.15 kB[22m

[1mLazy chunk files[22m   [2m | [22m[1mNames[22m                     [2m | [22m[1mRaw size[22m[2m | [22m[1mEstimated transfer size[22m
[32mchunk-BfR8TqGD.js[39m  [2m | [22m[2m-[22m                         [2m | [22m[36m97.36 kB[39m[2m | [22m               [36m18.25 kB[39m
[32mchunk-C9qyogja.js[39m  [2m | [22m[2mbookings-component[22m        [2m | [22m[36m85.62 kB[39m[2m | [22m               [36m15.97 kB[39m
[32mchunk-BLUAL7vc.js[39m  [2m | [22m[2mbrowser[22m                   [2m | [22m[36m68.44 kB[39m[2m | [22m               [36m17.89 kB[39m
[32mchunk-DQhSequI.js[39m  [2m | [22m[2m-[22m                         [2m | [22m[36m65.84 kB[39m[2m | [22m               [36m12.16 kB[39m
[32mchunk-DJPl9gLP.js[39m  [2m | [22m[2mguest-details-component[22m   [2m | [22m[36m61.03 kB[39m[2m | [22m               [36m13.15 kB[39m
[32mchunk-CO4pFSgz.js[39m  [2m | [22m[2m-[22m                         [2m | [22m[36m60.86 kB[39m[2m | [22m                [36m9.93 kB[39m
[32mchunk-b2ZtY14_.js[39m  [2m | [22m[2mbilling-receipts-component[22m[2m | [22m[36m59.69 kB[39m[2m | [22m                [36m9.99 kB[39m
[32mchunk-2LYv9i2J.js[39m  [2m | [22m[2m-[22m                         [2m | [22m[36m56.01 kB[39m[2m | [22m               [36m11.35 kB[39m
[32mchunk-C-iqnhoV.js[39m  [2m | [22m[2m-[22m                         [2m | [22m[36m53.25 kB[39m[2m | [22m                [36m9.39 kB[39m
[32mchunk-BO_L1jxt.js[39m  [2m | [22m[2m-[22m                         [2m | [22m[36m52.20 kB[39m[2m | [22m               [36m10.41 kB[39m
[32mchunk-DIw6isUh.js[39m  [2m | [22m[2mdashboard-component[22m       [2m | [22m[36m46.20 kB[39m[2m | [22m                [36m8.34 kB[39m
[32mchunk-C_n_4cTz.js[39m  [2m | [22m[2m-[22m                         [2m | [22m[36m44.56 kB[39m[2m | [22m                [36m9.49 kB[39m
[32mchunk-DXxtoiX6.js[39m  [2m | [22m[2mroom-service-component[22m    [2m | [22m[36m44.38 kB[39m[2m | [22m                [36m8.55 kB[39m
[32mchunk-C6MkHpj-.js[39m  [2m | [22m[2m-[22m                         [2m | [22m[36m40.67 kB[39m[2m | [22m                [36m8.66 kB[39m
[32mchunk-8Q-1oGZk.js[39m  [2m | [22m[2mfeedback-component[22m        [2m | [22m[36m33.08 kB[39m[2m | [22m                [36m6.52 kB[39m
[2m...and 64 more lazy chunks files. Use "--verbose" to show all the files.[22m

Application bundle generation complete. [13.755 seconds] - 2026-07-01T17:38:18.050Z

[1m[33m[33m▲ [43;33m[[43;30mWARNING[43;33m][0m [1mDeprecation[0m [1m[35m[plugin angular-sass][0m

    src/app/features/admin/admin-shell.component.scss:1:8:
[37m      1 │ @import [32m[37m'../../../styles/theme/index';
        ╵         [32m^[0m


  Sass @import rules are deprecated and will be removed in Dart Sass 3.0.0.
  
  More info and automated migrator: [4mhttps://sass-lang.com/d/import[0m


[33m▲ [43;33m[[43;30mWARNING[43;33m][0m [1mDeprecation[0m [1m[35m[plugin angular-sass][0m

    src/app/features/admin/components/room-status-grid/room-status-grid.component.scss:1:8:
[37m      1 │ @import [32m[37m'../../../../../styles/theme/index';
        ╵         [32m^[0m


  Sass @import rules are deprecated and will be removed in Dart Sass 3.0.0.
  
  More info and automated migrator: [4mhttps://sass-lang.com/d/import[0m


[33m▲ [43;33m[[43;30mWARNING[43;33m][0m [1mDeprecation[0m [1m[35m[plugin angular-sass][0m

    src/app/features/admin/pages/dashboard.component.scss:1:8:
[37m      1 │ @import [32m[37m'../../../../styles/theme/index';
        ╵         [32m^[0m


  Sass @import rules are deprecated and will be removed in Dart Sass 3.0.0.
  
  More info and automated migrator: [4mhttps://sass-lang.com/d/import[0m


[33m▲ [43;33m[[43;30mWARNING[43;33m][0m [1mDeprecation[0m [1m[35m[plugin angular-sass][0m

    src/app/features/admin/pages/management/room-management.component.scss:1:8:
[37m      1 │ @import [32m[37m'../../../../../styles/theme/index';
        ╵         [32m^[0m


  Sass @import rules are deprecated and will be removed in Dart Sass 3.0.0.
  
  More info and automated migrator: [4mhttps://sass-lang.com/d/import[0m


[33m▲ [43;33m[[43;30mWARNING[43;33m][0m [1mDeprecation[0m [1m[35m[plugin angular-sass][0m

    src/app/features/admin/pages/management/room-type-management.component.scss:1:8:
[37m      1 │ @import [32m[37m'../../../../../styles/theme/index';
        ╵         [32m^[0m


  Sass @import rules are deprecated and will be removed in Dart Sass 3.0.0.
  
  More info and automated migrator: [4mhttps://sass-lang.com/d/import[0m


[33m▲ [43;33m[[43;30mWARNING[43;33m][0m [1mDeprecation[0m [1m[35m[plugin angular-sass][0m

    src/app/features/admin/pages/oversight/analytics.component.scss:1:8:
[37m      1 │ @import [32m[37m'../../../../../styles/theme/index';
        ╵         [32m^[0m


  Sass @import rules are deprecated and will be removed in Dart Sass 3.0.0.
  
  More info and automated migrator: [4mhttps://sass-lang.com/d/import[0m


[33m▲ [43;33m[[43;30mWARNING[43;33m][0m [1mDeprecation[0m [1m[35m[plugin angular-sass][0m

    src/app/features/admin/pages/oversight/audit-logs.component.scss:1:8:
[37m      1 │ @import [32m[37m'../../../../../styles/theme/index';
        ╵         [32m^[0m


  Sass @import rules are deprecated and will be removed in Dart Sass 3.0.0.
  
  More info and automated migrator: [4mhttps://sass-lang.com/d/import[0m


[33m▲ [43;33m[[43;30mWARNING[43;33m][0m [1mDeprecation[0m [1m[35m[plugin angular-sass][0m

    src/app/features/admin/pages/oversight/billing-receipts.component.scss:1:8:
[37m      1 │ @import [32m[37m'../../../../../styles/theme/index';
        ╵         [32m^[0m


  Sass @import rules are deprecated and will be removed in Dart Sass 3.0.0.
  
  More info and automated migrator: [4mhttps://sass-lang.com/d/import[0m


[33m▲ [43;33m[[43;30mWARNING[43;33m][0m [1mDeprecation[0m [1m[35m[plugin angular-sass][0m

    src/app/features/auth/auth-page.component.scss:1:8:
[37m      1 │ @import [32m[37m'../../../styles/theme/index';
        ╵         [32m^[0m


  Sass @import rules are deprecated and will be removed in Dart Sass 3.0.0.
  
  More info and automated migrator: [4mhttps://sass-lang.com/d/import[0m


[33m▲ [43;33m[[43;30mWARNING[43;33m][0m [1mDeprecation[0m [1m[35m[plugin angular-sass][0m

    src/app/features/auth/components/login-form.component.scss:1:8:
[37m      1 │ @import [32m[37m'../../../../styles/theme/index';
        ╵         [32m^[0m


  Sass @import rules are deprecated and will be removed in Dart Sass 3.0.0.
  
  More info and automated migrator: [4mhttps://sass-lang.com/d/import[0m


[33m▲ [43;33m[[43;30mWARNING[43;33m][0m [1mDeprecation[0m [1m[35m[plugin angular-sass][0m

    src/app/features/auth/components/register-form.component.scss:1:8:
[37m      1 │ @import [32m[37m'../../../../styles/theme/index';
        ╵         [32m^[0m


  Sass @import rules are deprecated and will be removed in Dart Sass 3.0.0.
  
  More info and automated migrator: [4mhttps://sass-lang.com/d/import[0m


[33m▲ [43;33m[[43;30mWARNING[43;33m][0m [1mDeprecation[0m [1m[35m[plugin angular-sass][0m

    src/app/features/public/pages/availability.component.scss:1:8:
[37m      1 │ @import [32m[37m'../../../../styles/theme/index';
        ╵         [32m^[0m


  Sass @import rules are deprecated and will be removed in Dart Sass 3.0.0.
  
  More info and automated migrator: [4mhttps://sass-lang.com/d/import[0m


[33m▲ [43;33m[[43;30mWARNING[43;33m][0m [1mDeprecation[0m [1m[35m[plugin angular-sass][0m

    src/app/features/public/pages/experiences.component.scss:1:8:
[37m      1 │ @import [32m[37m'../../../../styles/theme/index';
        ╵         [32m^[0m


  Sass @import rules are deprecated and will be removed in Dart Sass 3.0.0.
  
  More info and automated migrator: [4mhttps://sass-lang.com/d/import[0m


[33m▲ [43;33m[[43;30mWARNING[43;33m][0m [1mDeprecation[0m [1m[35m[plugin angular-sass][0m

    src/app/features/public/pages/home.component.scss:1:8:
[37m      1 │ @import [32m[37m'../../../../styles/theme/index';
        ╵         [32m^[0m


  Sass @import rules are deprecated and will be removed in Dart Sass 3.0.0.
  
  More info and automated migrator: [4mhttps://sass-lang.com/d/import[0m


[33m▲ [43;33m[[43;30mWARNING[43;33m][0m [1mDeprecation[0m [1m[35m[plugin angular-sass][0m

    src/app/features/public/pages/room-catalogue.component.scss:1:8:
[37m      1 │ @import [32m[37m'../../../../styles/theme/index';
        ╵         [32m^[0m


  Sass @import rules are deprecated and will be removed in Dart Sass 3.0.0.
  
  More info and automated migrator: [4mhttps://sass-lang.com/d/import[0m


[33m▲ [43;33m[[43;30mWARNING[43;33m][0m [1mDeprecation[0m [1m[35m[plugin angular-sass][0m

    src/app/features/public/pages/room-detail.component.scss:1:8:
[37m      1 │ @import [32m[37m'../../../../styles/theme/index';
        ╵         [32m^[0m


  Sass @import rules are deprecated and will be removed in Dart Sass 3.0.0.
  
  More info and automated migrator: [4mhttps://sass-lang.com/d/import[0m


[33m▲ [43;33m[[43;30mWARNING[43;33m][0m [1mDeprecation[0m [1m[35m[plugin angular-sass][0m

    src/app/features/public/public-shell.component.scss:1:8:
[37m      1 │ @import [32m[37m'../../../styles/theme/index';
        ╵         [32m^[0m


  Sass @import rules are deprecated and will be removed in Dart Sass 3.0.0.
  
  More info and automated migrator: [4mhttps://sass-lang.com/d/import[0m


[33m▲ [43;33m[[43;30mWARNING[43;33m][0m [1mDeprecation[0m [1m[35m[plugin angular-sass][0m

    src/app/features/user/components/booking-history/booking-history.component.scss:1:8:
[37m      1 │ @import [32m[37m'../../../../../styles/theme/index';
        ╵         [32m^[0m


  Sass @import rules are deprecated and will be removed in Dart Sass 3.0.0.
  
  More info and automated migrator: [4mhttps://sass-lang.com/d/import[0m


[33m▲ [43;33m[[43;30mWARNING[43;33m][0m [1mDeprecation[0m [1m[35m[plugin angular-sass][0m

    src/app/features/user/components/booking-wizard/booking-wizard.component.scss:1:8:
[37m      1 │ @import [32m[37m'../../../../../styles/theme/index';
        ╵         [32m^[0m


  Sass @import rules are deprecated and will be removed in Dart Sass 3.0.0.
  
  More info and automated migrator: [4mhttps://sass-lang.com/d/import[0m


[33m▲ [43;33m[[43;30mWARNING[43;33m][0m [1mDeprecation[0m [1m[35m[plugin angular-sass][0m

    src/app/features/user/pages/bookings.component.scss:1:8:
[37m      1 │ @import [32m[37m'../../../../styles/theme/index';
        ╵         [32m^[0m


  Sass @import rules are deprecated and will be removed in Dart Sass 3.0.0.
  
  More info and automated migrator: [4mhttps://sass-lang.com/d/import[0m


[33m▲ [43;33m[[43;30mWARNING[43;33m][0m [1mDeprecation[0m [1m[35m[plugin angular-sass][0m

    src/app/features/user/pages/dashboard.component.scss:1:8:
[37m      1 │ @import [32m[37m'../../../../styles/theme/index';
        ╵         [32m^[0m


  Sass @import rules are deprecated and will be removed in Dart Sass 3.0.0.
  
  More info and automated migrator: [4mhttps://sass-lang.com/d/import[0m


[33m▲ [43;33m[[43;30mWARNING[43;33m][0m [1mDeprecation[0m [1m[35m[plugin angular-sass][0m

    src/app/features/user/user-shell.component.scss:1:8:
[37m      1 │ @import [32m[37m'../../../styles/theme/index';
        ╵         [32m^[0m


  Sass @import rules are deprecated and will be removed in Dart Sass 3.0.0.
  
  More info and automated migrator: [4mhttps://sass-lang.com/d/import[0m


[33m▲ [43;33m[[43;30mWARNING[43;33m][0m [1mDeprecation[0m [1m[35m[plugin angular-sass][0m

    src/app/shared/components/generic-crud/cards-view/cards-view.component.scss:1:8:
[37m      1 │ @import [32m[37m'../../../../../styles/theme/index';
        ╵         [32m^[0m


  Sass @import rules are deprecated and will be removed in Dart Sass 3.0.0.
  
  More info and automated migrator: [4mhttps://sass-lang.com/d/import[0m


[33m▲ [43;33m[[43;30mWARNING[43;33m][0m [1mDeprecation[0m [1m[35m[plugin angular-sass][0m

    src/app/shared/components/generic-crud/crud-modal/crud-modal.component.scss:1:8:
[37m      1 │ @import [32m[37m'../../../../../styles/theme/index';
        ╵         [32m^[0m


  Sass @import rules are deprecated and will be removed in Dart Sass 3.0.0.
  
  More info and automated migrator: [4mhttps://sass-lang.com/d/import[0m


[33m▲ [43;33m[[43;30mWARNING[43;33m][0m [1mDeprecation[0m [1m[35m[plugin angular-sass][0m

    src/app/shared/components/generic-crud/generic-crud.component.scss:1:8:
[37m      1 │ @import [32m[37m'../../../../styles/theme/index';
        ╵         [32m^[0m


  Sass @import rules are deprecated and will be removed in Dart Sass 3.0.0.
  
  More info and automated migrator: [4mhttps://sass-lang.com/d/import[0m


[33m▲ [43;33m[[43;30mWARNING[43;33m][0m [1mDeprecation[0m [1m[35m[plugin angular-sass][0m

    src/styles.scss:4:8:
[37m      4 │ @import [32m[37m'styles/theme/index';
        ╵         [32m^[0m


  Sass @import rules are deprecated and will be removed in Dart Sass 3.0.0.
  
  More info and automated migrator: [4mhttps://sass-lang.com/d/import[0m

  The plugin "angular-sass" was triggered by this import

    angular:styles/global:styles:1:8:
[37m      1 │ @import [32m'src/styles.scss'[37m;
        ╵         [32m~~~~~~~~~~~~~~~~~[0m


[33m▲ [43;33m[[43;30mWARNING[43;33m][0m [1mbundle initial exceeded maximum budget. Budget 1.00 MB was not met by 765.30 kB with a total of 1.77 MB.[0m

[39m[22m
Output location: /Users/peewee/personal/repos/Hotel_Management_Full/Frontend/dist/Frontend

